Traceback (most recent call last):
  File "/home/edem/Téléchargements/odoo_api/test_transfers_locations.py", line 5, in <module>
    import httpx
ModuleNotFoundError: No module named 'httpx'
